{
	"backup-ns.sh/delete-after": <redacted>,
	"backup-ns.sh/pod": "gotest",
	"backup-ns.sh/pvc": "data",
	"backup-ns.sh/retain": "days",
	"backup-ns.sh/retain-days": "0",
	"backup-ns.sh/type": "adhoc"
}