(struct { A string; B int; C bool; D *string }) {
  A: (string) (len=3) "foo",
  B: (int) 1,
  C: (bool) true,
  D: (*string)(<nil>)
}
(string) (len=12) "Hello World!"
